DEPRECATED: The legacy builder is deprecated and will be removed in a future release.
            Install the buildx component to build images with BuildKit:
            https://docs.docker.com/go/buildx/

Sending build context to Docker daemon     26MB
Step 1/7 : FROM python:3.12-slim
 ---> fb1118f126b5
Step 2/7 : ENV PYTHONUNBUFFERED=1
 ---> Using cache
 ---> e44a214994ea
Step 3/7 : WORKDIR /app
 ---> Using cache
 ---> 319f2584c79e
Step 4/7 : COPY requirements.txt .
 ---> Using cache
 ---> 1d20bea20a71
Step 5/7 : RUN pip install --no-cache-dir -r requirements.txt
 ---> Using cache
 ---> 00e7387e15c3
Step 6/7 : COPY . .
 ---> bef9d42e7c08
Step 7/7 : CMD ["python", "crud_alunos.py"]
 ---> Running in 86b9d3147b5d
 ---> Removed intermediate container 86b9d3147b5d
 ---> 57c19e9ec1d4
Successfully built 57c19e9ec1d4
Successfully tagged api-alunos-local:latest
